
  .   ____          _            __ _ _
 /\\ / ___'_ __ _ _(_)_ __  __ _ \ \ \ \
( ( )\___ | '_ | '_| | '_ \/ _` | \ \ \ \
 \\/  ___)| |_)| | | | | || (_| |  ) ) ) )
  '  |____| .__|_| |_|_| |_\__, | / / / /
 =========|_|==============|___/=/_/_/_/

 :: Spring Boot ::               (v3.5.16)

2026-07-11T15:07:44.064+08:00  INFO 29472 --- [computer] [           main] com.upc.computer.ComputerApplication     : Starting ComputerApplication v0.0.1-SNAPSHOT using Java 17.0.18 with PID 29472 (D:\soft\idea\computer\backend\target\computer-0.0.1-SNAPSHOT.jar started by lenovo in D:\soft\idea\computer\backend)
2026-07-11T15:07:44.068+08:00  INFO 29472 --- [computer] [           main] com.upc.computer.ComputerApplication     : No active profile set, falling back to 1 default profile: "default"
2026-07-11T15:07:46.167+08:00  INFO 29472 --- [computer] [           main] .s.d.r.c.RepositoryConfigurationDelegate : Multiple Spring Data modules found, entering strict repository configuration mode
2026-07-11T15:07:46.177+08:00  INFO 29472 --- [computer] [           main] .s.d.r.c.RepositoryConfigurationDelegate : Bootstrapping Spring Data Redis repositories in DEFAULT mode.
2026-07-11T15:07:46.260+08:00  INFO 29472 --- [computer] [           main] .s.d.r.c.RepositoryConfigurationDelegate : Finished Spring Data repository scanning in 54 ms. Found 0 Redis repository interfaces.
2026-07-11T15:07:46.633+08:00 DEBUG 29472 --- [computer] [           main] org.apache.ibatis.logging.LogFactory     : Logging initialized using 'class org.apache.ibatis.logging.slf4j.Slf4jImpl' adapter.
2026-07-11T15:07:46.638+08:00 DEBUG 29472 --- [computer] [           main] o.m.s.mapper.ClassPathMapperScanner      : Identified candidate component class: URL [jar:nested:/D:/soft/idea/computer/backend/target/computer-0.0.1-SNAPSHOT.jar/!BOOT-INF/classes/!/com/upc/computer/mapper/AfterSalesCaseMapper.class]
2026-07-11T15:07:46.639+08:00 DEBUG 29472 --- [computer] [           main] o.m.s.mapper.ClassPathMapperScanner      : Identified candidate component class: URL [jar:nested:/D:/soft/idea/computer/backend/target/computer-0.0.1-SNAPSHOT.jar/!BOOT-INF/classes/!/com/upc/computer/mapper/AndonAlarmMapper.class]
2026-07-11T15:07:46.640+08:00 DEBUG 29472 --- [computer] [           main] o.m.s.mapper.ClassPathMapperScanner      : Identified candidate component class: URL [jar:nested:/D:/soft/idea/computer/backend/target/computer-0.0.1-SNAPSHOT.jar/!BOOT-INF/classes/!/com/upc/computer/mapper/BarcodeRuleMapper.class]
2026-07-11T15:07:46.641+08:00 DEBUG 29472 --- [computer] [           main] o.m.s.mapper.ClassPathMapperScanner      : Identified candidate component class: URL [jar:nested:/D:/soft/idea/computer/backend/target/computer-0.0.1-SNAPSHOT.jar/!BOOT-INF/classes/!/com/upc/computer/mapper/BomMapper.class]
2026-07-11T15:07:46.642+08:00 DEBUG 29472 --- [computer] [           main] o.m.s.mapper.ClassPathMapperScanner      : Identified candidate component class: URL [jar:nested:/D:/soft/idea/computer/backend/target/computer-0.0.1-SNAPSHOT.jar/!BOOT-INF/classes/!/com/upc/computer/mapper/CostSettlementMapper.class]
2026-07-11T15:07:46.643+08:00 DEBUG 29472 --- [computer] [           main] o.m.s.mapper.ClassPathMapperScanner      : Identified candidate component class: URL [jar:nested:/D:/soft/idea/computer/backend/target/computer-0.0.1-SNAPSHOT.jar/!BOOT-INF/classes/!/com/upc/computer/mapper/CustomerOrderItemMapper.class]
2026-07-11T15:07:46.644+08:00 DEBUG 29472 --- [computer] [           main] o.m.s.mapper.ClassPathMapperScanner      : Identified candidate component class: URL [jar:nested:/D:/soft/idea/computer/backend/target/computer-0.0.1-SNAPSHOT.jar/!BOOT-INF/classes/!/com/upc/computer/mapper/CustomerOrderMapper.class]
2026-07-11T15:07:46.644+08:00 DEBUG 29472 --- [computer] [           main] o.m.s.mapper.ClassPathMapperScanner      : Identified candidate component class: URL [jar:nested:/D:/soft/idea/computer/backend/target/computer-0.0.1-SNAPSHOT.jar/!BOOT-INF/classes/!/com/upc/computer/mapper/DeliveryOrderMapper.class]
2026-07-11T15:07:46.644+08:00 DEBUG 29472 --- [computer] [           main] o.m.s.mapper.ClassPathMapperScanner      : Identified candidate component class: URL [jar:nested:/D:/soft/idea/computer/backend/target/computer-0.0.1-SNAPSHOT.jar/!BOOT-INF/classes/!/com/upc/computer/mapper/DispatchTaskMapper.class]
2026-07-11T15:07:46.645+08:00 DEBUG 29472 --- [computer] [           main] o.m.s.mapper.ClassPathMapperScanner      : Identified candidate component class: URL [jar:nested:/D:/soft/idea/computer/backend/target/computer-0.0.1-SNAPSHOT.jar/!BOOT-INF/classes/!/com/upc/computer/mapper/EquipmentMaintenanceRecordMapper.class]
2026-07-11T15:07:46.646+08:00 DEBUG 29472 --- [computer] [           main] o.m.s.mapper.ClassPathMapperScanner      : Identified candidate component class: URL [jar:nested:/D:/soft/idea/computer/backend/target/computer-0.0.1-SNAPSHOT.jar/!BOOT-INF/classes/!/com/upc/computer/mapper/EquipmentMapper.class]
2026-07-11T15:07:46.646+08:00 DEBUG 29472 --- [computer] [           main] o.m.s.mapper.ClassPathMapperScanner      : Identified candidate component class: URL [jar:nested:/D:/soft/idea/computer/backend/target/computer-0.0.1-SNAPSHOT.jar/!BOOT-INF/classes/!/com/upc/computer/mapper/InventoryBarcodeMapper.class]
2026-07-11T15:07:46.647+08:00 DEBUG 29472 --- [computer] [           main] o.m.s.mapper.ClassPathMapperScanner      : Identified candidate component class: URL [jar:nested:/D:/soft/idea/computer/backend/target/computer-0.0.1-SNAPSHOT.jar/!BOOT-INF/classes/!/com/upc/computer/mapper/InventoryMapper.class]
2026-07-11T15:07:46.648+08:00 DEBUG 29472 --- [computer] [           main] o.m.s.mapper.ClassPathMapperScanner      : Identified candidate component class: URL [jar:nested:/D:/soft/idea/computer/backend/target/computer-0.0.1-SNAPSHOT.jar/!BOOT-INF/classes/!/com/upc/computer/mapper/InventoryScanLogMapper.class]
2026-07-11T15:07:46.649+08:00 DEBUG 29472 --- [computer] [           main] o.m.s.mapper.ClassPathMapperScanner      : Identified candidate component class: URL [jar:nested:/D:/soft/idea/computer/backend/target/computer-0.0.1-SNAPSHOT.jar/!BOOT-INF/classes/!/com/upc/computer/mapper/InventoryTransactionMapper.class]
2026-07-11T15:07:46.649+08:00 DEBUG 29472 --- [computer] [           main] o.m.s.mapper.ClassPathMapperScanner      : Identified candidate component class: URL [jar:nested:/D:/soft/idea/computer/backend/target/computer-0.0.1-SNAPSHOT.jar/!BOOT-INF/classes/!/com/upc/computer/mapper/MaterialBatchMapper.class]
2026-07-11T15:07:46.650+08:00 DEBUG 29472 --- [computer] [           main] o.m.s.mapper.ClassPathMapperScanner      : Identified candidate component class: URL [jar:nested:/D:/soft/idea/computer/backend/target/computer-0.0.1-SNAPSHOT.jar/!BOOT-INF/classes/!/com/upc/computer/mapper/MaterialMapper.class]
2026-07-11T15:07:46.650+08:00 DEBUG 29472 --- [computer] [           main] o.m.s.mapper.ClassPathMapperScanner      : Identified candidate component class: URL [jar:nested:/D:/soft/idea/computer/backend/target/computer-0.0.1-SNAPSHOT.jar/!BOOT-INF/classes/!/com/upc/computer/mapper/NonconformingProductMapper.class]
2026-07-11T15:07:46.651+08:00 DEBUG 29472 --- [computer] [           main] o.m.s.mapper.ClassPathMapperScanner      : Identified candidate component class: URL [jar:nested:/D:/soft/idea/computer/backend/target/computer-0.0.1-SNAPSHOT.jar/!BOOT-INF/classes/!/com/upc/computer/mapper/OperationLogMapper.class]
2026-07-11T15:07:46.652+08:00 DEBUG 29472 --- [computer] [           main] o.m.s.mapper.ClassPathMapperScanner      : Identified candidate component class: URL [jar:nested:/D:/soft/idea/computer/backend/target/computer-0.0.1-SNAPSHOT.jar/!BOOT-INF/classes/!/com/upc/computer/mapper/PermissionMapper.class]
2026-07-11T15:07:46.653+08:00 DEBUG 29472 --- [computer] [           main] o.m.s.mapper.ClassPathMapperScanner      : Identified candidate component class: URL [jar:nested:/D:/soft/idea/computer/backend/target/computer-0.0.1-SNAPSHOT.jar/!BOOT-INF/classes/!/com/upc/computer/mapper/ProcessRouteMapper.class]
2026-07-11T15:07:46.653+08:00 DEBUG 29472 --- [computer] [           main] o.m.s.mapper.ClassPathMapperScanner      : Identified candidate component class: URL [jar:nested:/D:/soft/idea/computer/backend/target/computer-0.0.1-SNAPSHOT.jar/!BOOT-INF/classes/!/com/upc/computer/mapper/ProcessStepMapper.class]
2026-07-11T15:07:46.654+08:00 DEBUG 29472 --- [computer] [           main] o.m.s.mapper.ClassPathMapperScanner      : Identified candidate component class: URL [jar:nested:/D:/soft/idea/computer/backend/target/computer-0.0.1-SNAPSHOT.jar/!BOOT-INF/classes/!/com/upc/computer/mapper/ProdDowntimeReasonMapper.class]
2026-07-11T15:07:46.655+08:00 DEBUG 29472 --- [computer] [           main] o.m.s.mapper.ClassPathMapperScanner      : Identified candidate component class: URL [jar:nested:/D:/soft/idea/computer/backend/target/computer-0.0.1-SNAPSHOT.jar/!BOOT-INF/classes/!/com/upc/computer/mapper/ProdHourlyMetricMapper.class]
2026-07-11T15:07:46.655+08:00 DEBUG 29472 --- [computer] [           main] o.m.s.mapper.ClassPathMapperScanner      : Identified candidate component class: URL [jar:nested:/D:/soft/idea/computer/backend/target/computer-0.0.1-SNAPSHOT.jar/!BOOT-INF/classes/!/com/upc/computer/mapper/ProdLineStationMapper.class]
2026-07-11T15:07:46.656+08:00 DEBUG 29472 --- [computer] [           main] o.m.s.mapper.ClassPathMapperScanner      : Identified candidate component class: URL [jar:nested:/D:/soft/idea/computer/backend/target/computer-0.0.1-SNAPSHOT.jar/!BOOT-INF/classes/!/com/upc/computer/mapper/ProdShiftCapacityMapper.class]
2026-07-11T15:07:46.657+08:00 DEBUG 29472 --- [computer] [           main] o.m.s.mapper.ClassPathMapperScanner      : Identified candidate component class: URL [jar:nested:/D:/soft/idea/computer/backend/target/computer-0.0.1-SNAPSHOT.jar/!BOOT-INF/classes/!/com/upc/computer/mapper/ProductionPlanHistoryMapper.class]
2026-07-11T15:07:46.659+08:00 DEBUG 29472 --- [computer] [           main] o.m.s.mapper.ClassPathMapperScanner      : Identified candidate component class: URL [jar:nested:/D:/soft/idea/computer/backend/target/computer-0.0.1-SNAPSHOT.jar/!BOOT-INF/classes/!/com/upc/computer/mapper/ProductionPlanItemMapper.class]
2026-07-11T15:07:46.661+08:00 DEBUG 29472 --- [computer] [           main] o.m.s.mapper.ClassPathMapperScanner      : Identified candidate component class: URL [jar:nested:/D:/soft/idea/computer/backend/target/computer-0.0.1-SNAPSHOT.jar/!BOOT-INF/classes/!/com/upc/computer/mapper/ProductionPlanMapper.class]
2026-07-11T15:07:46.663+08:00 DEBUG 29472 --- [computer] [           main] o.m.s.mapper.ClassPathMapperScanner      : Identified candidate component class: URL [jar:nested:/D:/soft/idea/computer/backend/target/computer-0.0.1-SNAPSHOT.jar/!BOOT-INF/classes/!/com/upc/computer/mapper/ProductionPlanScheduleMapper.class]
2026-07-11T15:07:46.665+08:00 DEBUG 29472 --- [computer] [           main] o.m.s.mapper.ClassPathMapperScanner      : Identified candidate component class: URL [jar:nested:/D:/soft/idea/computer/backend/target/computer-0.0.1-SNAPSHOT.jar/!BOOT-INF/classes/!/com/upc/computer/mapper/PurchaseOrderItemMapper.class]
2026-07-11T15:07:46.665+08:00 DEBUG 29472 --- [computer] [           main] o.m.s.mapper.ClassPathMapperScanner      : Identified candidate component class: URL [jar:nested:/D:/soft/idea/computer/backend/target/computer-0.0.1-SNAPSHOT.jar/!BOOT-INF/classes/!/com/upc/computer/mapper/PurchaseOrderMapper.class]
2026-07-11T15:07:46.666+08:00 DEBUG 29472 --- [computer] [           main] o.m.s.mapper.ClassPathMapperScanner      : Identified candidate component class: URL [jar:nested:/D:/soft/idea/computer/backend/target/computer-0.0.1-SNAPSHOT.jar/!BOOT-INF/classes/!/com/upc/computer/mapper/PurchaseRequirementMapper.class]
2026-07-11T15:07:46.667+08:00 DEBUG 29472 --- [computer] [           main] o.m.s.mapper.ClassPathMapperScanner      : Identified candidate component class: URL [jar:nested:/D:/soft/idea/computer/backend/target/computer-0.0.1-SNAPSHOT.jar/!BOOT-INF/classes/!/com/upc/computer/mapper/PurchaseRequirementSourceMapper.class]
2026-07-11T15:07:46.668+08:00 DEBUG 29472 --- [computer] [           main] o.m.s.mapper.ClassPathMapperScanner      : Identified candidate component class: URL [jar:nested:/D:/soft/idea/computer/backend/target/computer-0.0.1-SNAPSHOT.jar/!BOOT-INF/classes/!/com/upc/computer/mapper/QualityInspectionItemMapper.class]
2026-07-11T15:07:46.669+08:00 DEBUG 29472 --- [computer] [           main] o.m.s.mapper.ClassPathMapperScanner      : Identified candidate component class: URL [jar:nested:/D:/soft/idea/computer/backend/target/computer-0.0.1-SNAPSHOT.jar/!BOOT-INF/classes/!/com/upc/computer/mapper/QualityInspectionMapper.class]
2026-07-11T15:07:46.670+08:00 DEBUG 29472 --- [computer] [           main] o.m.s.mapper.ClassPathMapperScanner      : Identified candidate component class: URL [jar:nested:/D:/soft/idea/computer/backend/target/computer-0.0.1-SNAPSHOT.jar/!BOOT-INF/classes/!/com/upc/computer/mapper/RoleMapper.class]
2026-07-11T15:07:46.673+08:00 DEBUG 29472 --- [computer] [           main] o.m.s.mapper.ClassPathMapperScanner      : Identified candidate component class: URL [jar:nested:/D:/soft/idea/computer/backend/target/computer-0.0.1-SNAPSHOT.jar/!BOOT-INF/classes/!/com/upc/computer/mapper/RoleMenuMapper.class]
2026-07-11T15:07:46.674+08:00 DEBUG 29472 --- [computer] [           main] o.m.s.mapper.ClassPathMapperScanner      : Identified candidate component class: URL [jar:nested:/D:/soft/idea/computer/backend/target/computer-0.0.1-SNAPSHOT.jar/!BOOT-INF/classes/!/com/upc/computer/mapper/SupplierMapper.class]
2026-07-11T15:07:46.676+08:00 DEBUG 29472 --- [computer] [           main] o.m.s.mapper.ClassPathMapperScanner      : Identified candidate component class: URL [jar:nested:/D:/soft/idea/computer/backend/target/computer-0.0.1-SNAPSHOT.jar/!BOOT-INF/classes/!/com/upc/computer/mapper/SysMenuMapper.class]
2026-07-11T15:07:46.677+08:00 DEBUG 29472 --- [computer] [           main] o.m.s.mapper.ClassPathMapperScanner      : Identified candidate component class: URL [jar:nested:/D:/soft/idea/computer/backend/target/computer-0.0.1-SNAPSHOT.jar/!BOOT-INF/classes/!/com/upc/computer/mapper/UserMapper.class]
2026-07-11T15:07:46.677+08:00 DEBUG 29472 --- [computer] [           main] o.m.s.mapper.ClassPathMapperScanner      : Identified candidate component class: URL [jar:nested:/D:/soft/idea/computer/backend/target/computer-0.0.1-SNAPSHOT.jar/!BOOT-INF/classes/!/com/upc/computer/mapper/WorkOrderMapper.class]
2026-07-11T15:07:46.678+08:00 DEBUG 29472 --- [computer] [           main] o.m.s.mapper.ClassPathMapperScanner      : Identified candidate component class: URL [jar:nested:/D:/soft/idea/computer/backend/target/computer-0.0.1-SNAPSHOT.jar/!BOOT-INF/classes/!/com/upc/computer/mapper/WorkProgressMapper.class]
2026-07-11T15:07:46.683+08:00 DEBUG 29472 --- [computer] [           main] o.m.s.mapper.ClassPathMapperScanner      : Identified candidate component class: URL [jar:nested:/D:/soft/idea/computer/backend/target/computer-0.0.1-SNAPSHOT.jar/!BOOT-INF/classes/!/com/upc/computer/mapper/WorkReportMapper.class]
2026-07-11T15:07:46.690+08:00 DEBUG 29472 --- [computer] [           main] o.m.s.mapper.ClassPathMapperScanner      : Creating MapperFactoryBean with name 'afterSalesCaseMapper' and 'com.upc.computer.mapper.AfterSalesCaseMapper' mapperInterface
2026-07-11T15:07:46.696+08:00 DEBUG 29472 --- [computer] [           main] o.m.s.mapper.ClassPathMapperScanner      : Enabling autowire by type for MapperFactoryBean with name 'afterSalesCaseMapper'.
2026-07-11T15:07:46.698+08:00 DEBUG 29472 --- [computer] [           main] o.m.s.mapper.ClassPathMapperScanner      : Creating MapperFactoryBean with name 'andonAlarmMapper' and 'com.upc.computer.mapper.AndonAlarmMapper' mapperInterface
2026-07-11T15:07:46.700+08:00 DEBUG 29472 --- [computer] [           main] o.m.s.mapper.ClassPathMapperScanner      : Enabling autowire by type for MapperFactoryBean with name 'andonAlarmMapper'.
2026-07-11T15:07:46.700+08:00 DEBUG 29472 --- [computer] [           main] o.m.s.mapper.ClassPathMapperScanner      : Creating MapperFactoryBean with name 'barcodeRuleMapper' and 'com.upc.computer.mapper.BarcodeRuleMapper' mapperInterface
2026-07-11T15:07:46.701+08:00 DEBUG 29472 --- [computer] [           main] o.m.s.mapper.ClassPathMapperScanner      : Enabling autowire by type for MapperFactoryBean with name 'barcodeRuleMapper'.
2026-07-11T15:07:46.702+08:00 DEBUG 29472 --- [computer] [           main] o.m.s.mapper.ClassPathMapperScanner      : Creating MapperFactoryBean with name 'bomMapper' and 'com.upc.computer.mapper.BomMapper' mapperInterface
2026-07-11T15:07:46.703+08:00 DEBUG 29472 --- [computer] [           main] o.m.s.mapper.ClassPathMapperScanner      : Enabling autowire by type for MapperFactoryBean with name 'bomMapper'.
2026-07-11T15:07:46.703+08:00 DEBUG 29472 --- [computer] [           main] o.m.s.mapper.ClassPathMapperScanner      : Creating MapperFactoryBean with name 'costSettlementMapper' and 'com.upc.computer.mapper.CostSettlementMapper' mapperInterface
2026-07-11T15:07:46.704+08:00 DEBUG 29472 --- [computer] [           main] o.m.s.mapper.ClassPathMapperScanner      : Enabling autowire by type for MapperFactoryBean with name 'costSettlementMapper'.
2026-07-11T15:07:46.705+08:00 DEBUG 29472 --- [computer] [           main] o.m.s.mapper.ClassPathMapperScanner      : Creating MapperFactoryBean with name 'customerOrderItemMapper' and 'com.upc.computer.mapper.CustomerOrderItemMapper' mapperInterface
2026-07-11T15:07:46.706+08:00 DEBUG 29472 --- [computer] [           main] o.m.s.mapper.ClassPathMapperScanner      : Enabling autowire by type for MapperFactoryBean with name 'customerOrderItemMapper'.
2026-07-11T15:07:46.708+08:00 DEBUG 29472 --- [computer] [           main] o.m.s.mapper.ClassPathMapperScanner      : Creating MapperFactoryBean with name 'customerOrderMapper' and 'com.upc.computer.mapper.CustomerOrderMapper' mapperInterface
2026-07-11T15:07:46.709+08:00 DEBUG 29472 --- [computer] [           main] o.m.s.mapper.ClassPathMapperScanner      : Enabling autowire by type for MapperFactoryBean with name 'customerOrderMapper'.
2026-07-11T15:07:46.710+08:00 DEBUG 29472 --- [computer] [           main] o.m.s.mapper.ClassPathMapperScanner      : Creating MapperFactoryBean with name 'deliveryOrderMapper' and 'com.upc.computer.mapper.DeliveryOrderMapper' mapperInterface
2026-07-11T15:07:46.712+08:00 DEBUG 29472 --- [computer] [           main] o.m.s.mapper.ClassPathMapperScanner      : Enabling autowire by type for MapperFactoryBean with name 'deliveryOrderMapper'.
2026-07-11T15:07:46.713+08:00 DEBUG 29472 --- [computer] [           main] o.m.s.mapper.ClassPathMapperScanner      : Creating MapperFactoryBean with name 'dispatchTaskMapper' and 'com.upc.computer.mapper.DispatchTaskMapper' mapperInterface
2026-07-11T15:07:46.714+08:00 DEBUG 29472 --- [computer] [           main] o.m.s.mapper.ClassPathMapperScanner      : Enabling autowire by type for MapperFactoryBean with name 'dispatchTaskMapper'.
2026-07-11T15:07:46.714+08:00 DEBUG 29472 --- [computer] [           main] o.m.s.mapper.ClassPathMapperScanner      : Creating MapperFactoryBean with name 'equipmentMaintenanceRecordMapper' and 'com.upc.computer.mapper.EquipmentMaintenanceRecordMapper' mapperInterface
2026-07-11T15:07:46.715+08:00 DEBUG 29472 --- [computer] [           main] o.m.s.mapper.ClassPathMapperScanner      : Enabling autowire by type for MapperFactoryBean with name 'equipmentMaintenanceRecordMapper'.
2026-07-11T15:07:46.715+08:00 DEBUG 29472 --- [computer] [           main] o.m.s.mapper.ClassPathMapperScanner      : Creating MapperFactoryBean with name 'equipmentMapper' and 'com.upc.computer.mapper.EquipmentMapper' mapperInterface
2026-07-11T15:07:46.716+08:00 DEBUG 29472 --- [computer] [           main] o.m.s.mapper.ClassPathMapperScanner      : Enabling autowire by type for MapperFactoryBean with name 'equipmentMapper'.
2026-07-11T15:07:46.717+08:00 DEBUG 29472 --- [computer] [           main] o.m.s.mapper.ClassPathMapperScanner      : Creating MapperFactoryBean with name 'inventoryBarcodeMapper' and 'com.upc.computer.mapper.InventoryBarcodeMapper' mapperInterface
2026-07-11T15:07:46.717+08:00 DEBUG 29472 --- [computer] [           main] o.m.s.mapper.ClassPathMapperScanner      : Enabling autowire by type for MapperFactoryBean with name 'inventoryBarcodeMapper'.
2026-07-11T15:07:46.718+08:00 DEBUG 29472 --- [computer] [           main] o.m.s.mapper.ClassPathMapperScanner      : Creating MapperFactoryBean with name 'inventoryMapper' and 'com.upc.computer.mapper.InventoryMapper' mapperInterface
2026-07-11T15:07:46.719+08:00 DEBUG 29472 --- [computer] [           main] o.m.s.mapper.ClassPathMapperScanner      : Enabling autowire by type for MapperFactoryBean with name 'inventoryMapper'.
2026-07-11T15:07:46.720+08:00 DEBUG 29472 --- [computer] [           main] o.m.s.mapper.ClassPathMapperScanner      : Creating MapperFactoryBean with name 'inventoryScanLogMapper' and 'com.upc.computer.mapper.InventoryScanLogMapper' mapperInterface
2026-07-11T15:07:46.720+08:00 DEBUG 29472 --- [computer] [           main] o.m.s.mapper.ClassPathMapperScanner      : Enabling autowire by type for MapperFactoryBean with name 'inventoryScanLogMapper'.
2026-07-11T15:07:46.721+08:00 DEBUG 29472 --- [computer] [           main] o.m.s.mapper.ClassPathMapperScanner      : Creating MapperFactoryBean with name 'inventoryTransactionMapper' and 'com.upc.computer.mapper.InventoryTransactionMapper' mapperInterface
2026-07-11T15:07:46.722+08:00 DEBUG 29472 --- [computer] [           main] o.m.s.mapper.ClassPathMapperScanner      : Enabling autowire by type for MapperFactoryBean with name 'inventoryTransactionMapper'.
2026-07-11T15:07:46.723+08:00 DEBUG 29472 --- [computer] [           main] o.m.s.mapper.ClassPathMapperScanner      : Creating MapperFactoryBean with name 'materialBatchMapper' and 'com.upc.computer.mapper.MaterialBatchMapper' mapperInterface
2026-07-11T15:07:46.724+08:00 DEBUG 29472 --- [computer] [           main] o.m.s.mapper.ClassPathMapperScanner      : Enabling autowire by type for MapperFactoryBean with name 'materialBatchMapper'.
2026-07-11T15:07:46.725+08:00 DEBUG 29472 --- [computer] [           main] o.m.s.mapper.ClassPathMapperScanner      : Creating MapperFactoryBean with name 'materialMapper' and 'com.upc.computer.mapper.MaterialMapper' mapperInterface
2026-07-11T15:07:46.728+08:00 DEBUG 29472 --- [computer] [           main] o.m.s.mapper.ClassPathMapperScanner      : Enabling autowire by type for MapperFactoryBean with name 'materialMapper'.
2026-07-11T15:07:46.729+08:00 DEBUG 29472 --- [computer] [           main] o.m.s.mapper.ClassPathMapperScanner      : Creating MapperFactoryBean with name 'nonconformingProductMapper' and 'com.upc.computer.mapper.NonconformingProductMapper' mapperInterface
2026-07-11T15:07:46.730+08:00 DEBUG 29472 --- [computer] [           main] o.m.s.mapper.ClassPathMapperScanner      : Enabling autowire by type for MapperFactoryBean with name 'nonconformingProductMapper'.
2026-07-11T15:07:46.731+08:00 DEBUG 29472 --- [computer] [           main] o.m.s.mapper.ClassPathMapperScanner      : Creating MapperFactoryBean with name 'operationLogMapper' and 'com.upc.computer.mapper.OperationLogMapper' mapperInterface
2026-07-11T15:07:46.732+08:00 DEBUG 29472 --- [computer] [           main] o.m.s.mapper.ClassPathMapperScanner      : Enabling autowire by type for MapperFactoryBean with name 'operationLogMapper'.
2026-07-11T15:07:46.732+08:00 DEBUG 29472 --- [computer] [           main] o.m.s.mapper.ClassPathMapperScanner      : Creating MapperFactoryBean with name 'permissionMapper' and 'com.upc.computer.mapper.PermissionMapper' mapperInterface
2026-07-11T15:07:46.733+08:00 DEBUG 29472 --- [computer] [           main] o.m.s.mapper.ClassPathMapperScanner      : Enabling autowire by type for MapperFactoryBean with name 'permissionMapper'.
2026-07-11T15:07:46.734+08:00 DEBUG 29472 --- [computer] [           main] o.m.s.mapper.ClassPathMapperScanner      : Creating MapperFactoryBean with name 'processRouteMapper' and 'com.upc.computer.mapper.ProcessRouteMapper' mapperInterface
2026-07-11T15:07:46.735+08:00 DEBUG 29472 --- [computer] [           main] o.m.s.mapper.ClassPathMapperScanner      : Enabling autowire by type for MapperFactoryBean with name 'processRouteMapper'.
2026-07-11T15:07:46.736+08:00 DEBUG 29472 --- [computer] [           main] o.m.s.mapper.ClassPathMapperScanner      : Creating MapperFactoryBean with name 'processStepMapper' and 'com.upc.computer.mapper.ProcessStepMapper' mapperInterface
2026-07-11T15:07:46.737+08:00 DEBUG 29472 --- [computer] [           main] o.m.s.mapper.ClassPathMapperScanner      : Enabling autowire by type for MapperFactoryBean with name 'processStepMapper'.
2026-07-11T15:07:46.737+08:00 DEBUG 29472 --- [computer] [           main] o.m.s.mapper.ClassPathMapperScanner      : Creating MapperFactoryBean with name 'prodDowntimeReasonMapper' and 'com.upc.computer.mapper.ProdDowntimeReasonMapper' mapperInterface
2026-07-11T15:07:46.738+08:00 DEBUG 29472 --- [computer] [           main] o.m.s.mapper.ClassPathMapperScanner      : Enabling autowire by type for MapperFactoryBean with name 'prodDowntimeReasonMapper'.
2026-07-11T15:07:46.739+08:00 DEBUG 29472 --- [computer] [           main] o.m.s.mapper.ClassPathMapperScanner      : Creating MapperFactoryBean with name 'prodHourlyMetricMapper' and 'com.upc.computer.mapper.ProdHourlyMetricMapper' mapperInterface
2026-07-11T15:07:46.742+08:00 DEBUG 29472 --- [computer] [           main] o.m.s.mapper.ClassPathMapperScanner      : Enabling autowire by type for MapperFactoryBean with name 'prodHourlyMetricMapper'.
2026-07-11T15:07:46.742+08:00 DEBUG 29472 --- [computer] [           main] o.m.s.mapper.ClassPathMapperScanner      : Creating MapperFactoryBean with name 'prodLineStationMapper' and 'com.upc.computer.mapper.ProdLineStationMapper' mapperInterface
2026-07-11T15:07:46.743+08:00 DEBUG 29472 --- [computer] [           main] o.m.s.mapper.ClassPathMapperScanner      : Enabling autowire by type for MapperFactoryBean with name 'prodLineStationMapper'.
2026-07-11T15:07:46.745+08:00 DEBUG 29472 --- [computer] [           main] o.m.s.mapper.ClassPathMapperScanner      : Creating MapperFactoryBean with name 'prodShiftCapacityMapper' and 'com.upc.computer.mapper.ProdShiftCapacityMapper' mapperInterface
2026-07-11T15:07:46.746+08:00 DEBUG 29472 --- [computer] [           main] o.m.s.mapper.ClassPathMapperScanner      : Enabling autowire by type for MapperFactoryBean with name 'prodShiftCapacityMapper'.
2026-07-11T15:07:46.747+08:00 DEBUG 29472 --- [computer] [           main] o.m.s.mapper.ClassPathMapperScanner      : Creating MapperFactoryBean with name 'productionPlanHistoryMapper' and 'com.upc.computer.mapper.ProductionPlanHistoryMapper' mapperInterface
2026-07-11T15:07:46.748+08:00 DEBUG 29472 --- [computer] [           main] o.m.s.mapper.ClassPathMapperScanner      : Enabling autowire by type for MapperFactoryBean with name 'productionPlanHistoryMapper'.
2026-07-11T15:07:46.750+08:00 DEBUG 29472 --- [computer] [           main] o.m.s.mapper.ClassPathMapperScanner      : Creating MapperFactoryBean with name 'productionPlanItemMapper' and 'com.upc.computer.mapper.ProductionPlanItemMapper' mapperInterface
2026-07-11T15:07:46.752+08:00 DEBUG 29472 --- [computer] [           main] o.m.s.mapper.ClassPathMapperScanner      : Enabling autowire by type for MapperFactoryBean with name 'productionPlanItemMapper'.
2026-07-11T15:07:46.753+08:00 DEBUG 29472 --- [computer] [           main] o.m.s.mapper.ClassPathMapperScanner      : Creating MapperFactoryBean with name 'productionPlanMapper' and 'com.upc.computer.mapper.ProductionPlanMapper' mapperInterface
2026-07-11T15:07:46.754+08:00 DEBUG 29472 --- [computer] [           main] o.m.s.mapper.ClassPathMapperScanner      : Enabling autowire by type for MapperFactoryBean with name 'productionPlanMapper'.
2026-07-11T15:07:46.755+08:00 DEBUG 29472 --- [computer] [           main] o.m.s.mapper.ClassPathMapperScanner      : Creating MapperFactoryBean with name 'productionPlanScheduleMapper' and 'com.upc.computer.mapper.ProductionPlanScheduleMapper' mapperInterface
2026-07-11T15:07:46.757+08:00 DEBUG 29472 --- [computer] [           main] o.m.s.mapper.ClassPathMapperScanner      : Enabling autowire by type for MapperFactoryBean with name 'productionPlanScheduleMapper'.
2026-07-11T15:07:46.759+08:00 DEBUG 29472 --- [computer] [           main] o.m.s.mapper.ClassPathMapperScanner      : Creating MapperFactoryBean with name 'purchaseOrderItemMapper' and 'com.upc.computer.mapper.PurchaseOrderItemMapper' mapperInterface
2026-07-11T15:07:46.760+08:00 DEBUG 29472 --- [computer] [           main] o.m.s.mapper.ClassPathMapperScanner      : Enabling autowire by type for MapperFactoryBean with name 'purchaseOrderItemMapper'.
2026-07-11T15:07:46.762+08:00 DEBUG 29472 --- [computer] [           main] o.m.s.mapper.ClassPathMapperScanner      : Creating MapperFactoryBean with name 'purchaseOrderMapper' and 'com.upc.computer.mapper.PurchaseOrderMapper' mapperInterface
2026-07-11T15:07:46.763+08:00 DEBUG 29472 --- [computer] [           main] o.m.s.mapper.ClassPathMapperScanner      : Enabling autowire by type for MapperFactoryBean with name 'purchaseOrderMapper'.
2026-07-11T15:07:46.763+08:00 DEBUG 29472 --- [computer] [           main] o.m.s.mapper.ClassPathMapperScanner      : Creating MapperFactoryBean with name 'purchaseRequirementMapper' and 'com.upc.computer.mapper.PurchaseRequirementMapper' mapperInterface
2026-07-11T15:07:46.765+08:00 DEBUG 29472 --- [computer] [           main] o.m.s.mapper.ClassPathMapperScanner      : Enabling autowire by type for MapperFactoryBean with name 'purchaseRequirementMapper'.
2026-07-11T15:07:46.765+08:00 DEBUG 29472 --- [computer] [           main] o.m.s.mapper.ClassPathMapperScanner      : Creating MapperFactoryBean with name 'purchaseRequirementSourceMapper' and 'com.upc.computer.mapper.PurchaseRequirementSourceMapper' mapperInterface
2026-07-11T15:07:46.766+08:00 DEBUG 29472 --- [computer] [           main] o.m.s.mapper.ClassPathMapperScanner      : Enabling autowire by type for MapperFactoryBean with name 'purchaseRequirementSourceMapper'.
2026-07-11T15:07:46.767+08:00 DEBUG 29472 --- [computer] [           main] o.m.s.mapper.ClassPathMapperScanner      : Creating MapperFactoryBean with name 'qualityInspectionItemMapper' and 'com.upc.computer.mapper.QualityInspectionItemMapper' mapperInterface
2026-07-11T15:07:46.768+08:00 DEBUG 29472 --- [computer] [           main] o.m.s.mapper.ClassPathMapperScanner      : Enabling autowire by type for MapperFactoryBean with name 'qualityInspectionItemMapper'.
2026-07-11T15:07:46.769+08:00 DEBUG 29472 --- [computer] [           main] o.m.s.mapper.ClassPathMapperScanner      : Creating MapperFactoryBean with name 'qualityInspectionMapper' and 'com.upc.computer.mapper.QualityInspectionMapper' mapperInterface
2026-07-11T15:07:46.770+08:00 DEBUG 29472 --- [computer] [           main] o.m.s.mapper.ClassPathMapperScanner      : Enabling autowire by type for MapperFactoryBean with name 'qualityInspectionMapper'.
2026-07-11T15:07:46.770+08:00 DEBUG 29472 --- [computer] [           main] o.m.s.mapper.ClassPathMapperScanner      : Creating MapperFactoryBean with name 'roleMapper' and 'com.upc.computer.mapper.RoleMapper' mapperInterface
2026-07-11T15:07:46.771+08:00 DEBUG 29472 --- [computer] [           main] o.m.s.mapper.ClassPathMapperScanner      : Enabling autowire by type for MapperFactoryBean with name 'roleMapper'.
2026-07-11T15:07:46.774+08:00 DEBUG 29472 --- [computer] [           main] o.m.s.mapper.ClassPathMapperScanner      : Creating MapperFactoryBean with name 'roleMenuMapper' and 'com.upc.computer.mapper.RoleMenuMapper' mapperInterface
2026-07-11T15:07:46.775+08:00 DEBUG 29472 --- [computer] [           main] o.m.s.mapper.ClassPathMapperScanner      : Enabling autowire by type for MapperFactoryBean with name 'roleMenuMapper'.
2026-07-11T15:07:46.776+08:00 DEBUG 29472 --- [computer] [           main] o.m.s.mapper.ClassPathMapperScanner      : Creating MapperFactoryBean with name 'supplierMapper' and 'com.upc.computer.mapper.SupplierMapper' mapperInterface
2026-07-11T15:07:46.778+08:00 DEBUG 29472 --- [computer] [           main] o.m.s.mapper.ClassPathMapperScanner      : Enabling autowire by type for MapperFactoryBean with name 'supplierMapper'.
2026-07-11T15:07:46.783+08:00 DEBUG 29472 --- [computer] [           main] o.m.s.mapper.ClassPathMapperScanner      : Creating MapperFactoryBean with name 'sysMenuMapper' and 'com.upc.computer.mapper.SysMenuMapper' mapperInterface
2026-07-11T15:07:46.785+08:00 DEBUG 29472 --- [computer] [           main] o.m.s.mapper.ClassPathMapperScanner      : Enabling autowire by type for MapperFactoryBean with name 'sysMenuMapper'.
2026-07-11T15:07:46.786+08:00 DEBUG 29472 --- [computer] [           main] o.m.s.mapper.ClassPathMapperScanner      : Creating MapperFactoryBean with name 'userMapper' and 'com.upc.computer.mapper.UserMapper' mapperInterface
2026-07-11T15:07:46.787+08:00 DEBUG 29472 --- [computer] [           main] o.m.s.mapper.ClassPathMapperScanner      : Enabling autowire by type for MapperFactoryBean with name 'userMapper'.
2026-07-11T15:07:46.787+08:00 DEBUG 29472 --- [computer] [           main] o.m.s.mapper.ClassPathMapperScanner      : Creating MapperFactoryBean with name 'workOrderMapper' and 'com.upc.computer.mapper.WorkOrderMapper' mapperInterface
2026-07-11T15:07:46.788+08:00 DEBUG 29472 --- [computer] [           main] o.m.s.mapper.ClassPathMapperScanner      : Enabling autowire by type for MapperFactoryBean with name 'workOrderMapper'.
2026-07-11T15:07:46.788+08:00 DEBUG 29472 --- [computer] [           main] o.m.s.mapper.ClassPathMapperScanner      : Creating MapperFactoryBean with name 'workProgressMapper' and 'com.upc.computer.mapper.WorkProgressMapper' mapperInterface
2026-07-11T15:07:46.791+08:00 DEBUG 29472 --- [computer] [           main] o.m.s.mapper.ClassPathMapperScanner      : Enabling autowire by type for MapperFactoryBean with name 'workProgressMapper'.
2026-07-11T15:07:46.792+08:00 DEBUG 29472 --- [computer] [           main] o.m.s.mapper.ClassPathMapperScanner      : Creating MapperFactoryBean with name 'workReportMapper' and 'com.upc.computer.mapper.WorkReportMapper' mapperInterface
2026-07-11T15:07:46.794+08:00 DEBUG 29472 --- [computer] [           main] o.m.s.mapper.ClassPathMapperScanner      : Enabling autowire by type for MapperFactoryBean with name 'workReportMapper'.
2026-07-11T15:07:49.264+08:00  INFO 29472 --- [computer] [           main] o.s.b.w.embedded.tomcat.TomcatWebServer  : Tomcat initialized with port 8088 (http)
2026-07-11T15:07:49.293+08:00  INFO 29472 --- [computer] [           main] o.apache.catalina.core.StandardService   : Starting service [Tomcat]
2026-07-11T15:07:49.295+08:00  INFO 29472 --- [computer] [           main] o.apache.catalina.core.StandardEngine    : Starting Servlet engine: [Apache Tomcat/10.1.55]
2026-07-11T15:07:49.394+08:00  INFO 29472 --- [computer] [           main] o.a.c.c.C.[Tomcat].[localhost].[/]       : Initializing Spring embedded WebApplicationContext
2026-07-11T15:07:49.399+08:00  INFO 29472 --- [computer] [           main] w.s.c.ServletWebServerApplicationContext : Root WebApplicationContext: initialization completed in 5265 ms
Logging initialized using 'class org.apache.ibatis.logging.stdout.StdOutImpl' adapter.
2026-07-11T15:07:53.469+08:00 DEBUG 29472 --- [computer] [           main] o.mybatis.spring.SqlSessionFactoryBean   : Property 'mapperLocations' was not specified.
2026-07-11T15:07:58.479+08:00  WARN 29472 --- [computer] [           main] ConfigServletWebServerApplicationContext : Exception encountered during context initialization - cancelling refresh attempt: org.springframework.context.ApplicationContextException: Failed to start bean 'webServerStartStop'
2026-07-11T15:07:58.577+08:00  INFO 29472 --- [computer] [           main] .s.b.a.l.ConditionEvaluationReportLogger : 

Error starting ApplicationContext. To display the condition evaluation report re-run your application with 'debug' enabled.
2026-07-11T15:07:58.602+08:00 ERROR 29472 --- [computer] [           main] o.s.b.d.LoggingFailureAnalysisReporter   : 

***************************
APPLICATION FAILED TO START
***************************

Description:

Web server failed to start. Port 8088 was already in use.

Action:

Identify and stop the process that's listening on port 8088 or configure this application to listen on another port.

